
> community-website@0.1.0 build
> next build

Γû▓ Next.js 16.2.1 (Turbopack)

  Creating an optimized production build ...
node.exe : Error: 
Cannot apply unknown 
utility class 
`dark:from-primary-400`
At line:1 char:1
+ & "C:\Program 
Files\nodejs/node.exe" 
"C:\Program 
Files\nodejs/node_mo 
...
+ ~~~~~~~~~~~~~~~~~~~~~
~~~~~~~~~~~~~~~~~~~~~~~
~~~~~~~~~~~~~~~~~~~~~~~
~~
    + CategoryInfo     
         : NotSpecifi  
  ed: (Error: Cannot   
  a...om-primary-40    
0`:String) [], Rem    
oteException
    + FullyQualifiedEr 
   rorId : NativeComm  
  andError
 
    [2m[at 
onInvalidCandidate 
(D:\Building Bears\comm
unity-website\node_modu
les\tailwindcss\dist\li
b.js:21:1511)][0m
    [2m[at Ee 
(D:\Building Bears\comm
unity-website\node_modu
les\tailwindcss\dist\li
b.js:16:37066)][0m
    [2m[at 
D:\Building Bears\commu
nity-website\node_modul
es\tailwindcss\dist\lib
.js:21:355][0m
    [2m[at _r 
(D:\Building Bears\comm
unity-website\node_modu
les\tailwindcss\dist\li
b.js:3:1733)][0m
    [2m[at I 
(D:\Building Bears\comm
unity-website\node_modu
les\tailwindcss\dist\li
b.js:3:1377)][0m
    [2m[at Te 
(D:\Building Bears\comm
unity-website\node_modu
les\tailwindcss\dist\li
b.js:21:172)][0m
    [2m[at mn 
(D:\Building Bears\comm
unity-website\node_modu
les\tailwindcss\dist\li
b.js:38:294)][0m
    [2m[at async gn 
(D:\Building Bears\comm
unity-website\node_modu
les\tailwindcss\dist\li
b.js:38:631)][0m
    [2m[at async Xr 
(D:\Building Bears\comm
unity-website\node_modu
les\@tailwindcss\node\d
ist\index.js:10:3416)]
[0m
    [2m[at async N 
(D:\Building Bears\comm
unity-website\node_modu
les\@tailwindcss\postcs
s\dist\index.js:10:3979
)][0m

> Build error occurred
Error: Turbopack build 
failed with 1 errors:
./src/app/globals.css
Error evaluating 
Node.js code
CssSyntaxError: 
tailwindcss: 
D:\Building Bears\commu
nity-website\src\app\gl
obals.css:1:1: Cannot 
apply unknown utility 
class 
`dark:from-primary-400`
    at Input.error (nod
e_modules/postcss/lib/i
nput.js:135:16) 
[D:\Building Bears\comm
unity-website\.next\bui
ld\chunks\node_modules_
13sb.px._.js:4651:22]
    at error (node_modu
les/postcss/lib/node.js
:146:32) [D:\Building B
ears\community-website\
.next\build\chunks\node
_modules_13sb.px._.js:9
28:38]
    [at Object.Once 
(D:\Building Bears\comm
unity-website\node_modu
les\@tailwindcss\postcs
s\dist\index.js:10:6913
)]
    at async 
LazyResult.runAsync (no
de_modules/postcss/lib/
lazy-result.js:293:11) 
[D:\Building Bears\comm
unity-website\.next\bui
ld\chunks\node_modules_
13sb.px._.js:6214:21]
    at async transform 
(turbopack:///[turbopac
k-node]/transforms/post
css.ts:70:34) 
[D:\Building Bears\comm
unity-website\.next\bui
ld\chunks\[root-of-the-
server]__0d-m0h0._.js:1
46:36]
    at async run (turbo
pack:///[turbopack-node
]/child_process/evaluat
e.ts:89:23) 
[D:\Building Bears\comm
unity-website\.next\bui
ld\chunks\[root-of-the-
server]__0ubbtyl._.js:4
43:31]

Import trace:
  Client Component 
Browser:
    
./src/app/globals.css 
[Client Component 
Browser]
    
./src/app/layout.tsx 
[Server Component]


    at async transform 
(turbopack:///[turbopac
k-node]/transforms/post
css.ts:70:34) 
[D:\Building Bears\comm
unity-website\.next\bui
ld\chunks\[root-of-the-
server]__0d-m0h0._.js:1
46:36])
    at async run (turbo
pack:///[turbopack-node
]/child_process/evaluat
e.ts:89:23) 
[D:\Building Bears\comm
unity-website\.next\bui
ld\chunks\[root-of-the-
server]__0ubbtyl._.js:4
43:31])
